@syncfusion/ej2-react-samples@0.0.1 /home/syncfusion/workspace/ES/ej2-react-samples
├── @microsoft/signalr@7.0.11
├── @syncfusion/ej2-data@0.16.4
├── @syncfusion/ej2-markdown-converter@30.1.37
├── @syncfusion/ej2-react-barcode-generator@32.1.19
├── @syncfusion/ej2-react-base@33.1.44
├── @syncfusion/ej2-react-blockeditor@33.1.44
├── @syncfusion/ej2-react-buttons@28.1.33
├── @syncfusion/ej2-react-calendars@18.32.5
├── @syncfusion/ej2-react-charts@28.1.33
├── @syncfusion/ej2-react-circulargauge@16.42.4
├── @syncfusion/ej2-react-diagrams@32.1.19
├── @syncfusion/ej2-react-dropdowns@18.66.23
├── @syncfusion/ej2-react-filemanager@18.28.1
├── @syncfusion/ej2-react-gantt@34.1.1
├── @syncfusion/ej2-react-grids@34.1.1
├── @syncfusion/ej2-react-heatmap@18.14.11
├── @syncfusion/ej2-react-image-editor@28.1.33
├── @syncfusion/ej2-react-inplace-editor@21.3.7
├── @syncfusion/ej2-react-inputs@18.78.15
├── @syncfusion/ej2-react-interactive-chat@34.1.1
├── @syncfusion/ej2-react-kanban@30.1.37
├── @syncfusion/ej2-react-layouts@21.4.6
├── @syncfusion/ej2-react-lineargauge@16.41.0
├── @syncfusion/ej2-react-lists@18.23.1
├── @syncfusion/ej2-react-maps@34.1.1
├── @syncfusion/ej2-react-multicolumn-combobox@34.1.1
├── @syncfusion/ej2-react-navigations@22.42.3
├── @syncfusion/ej2-react-notifications@21.5.2
├── @syncfusion/ej2-react-pivotview@31.1.17
├── @syncfusion/ej2-react-popups@21.6.12
├── @syncfusion/ej2-react-progressbar@28.1.33
├── @syncfusion/ej2-react-querybuilder@28.1.33
├── @syncfusion/ej2-react-ribbon@29.1.33
├── @syncfusion/ej2-react-richtexteditor@33.1.44
├── @syncfusion/ej2-react-schedule@22.9.0
├── @syncfusion/ej2-react-splitbuttons@28.1.33
├── @syncfusion/ej2-react-treegrid@20.12.1
├── @syncfusion/ej2-react-treemap@16.31.24
├── @syncfusion/ej2-sample-helper-test@16.6.1
├── @syncfusion/ej2@31.3625.0
├── @types/codemirror@5.60.10
├── @types/marked@5.0.2
├── @types/moment-timezone@0.5.13
├── @types/react-dom@18.2.7
├── @types/react@18.2.22
├── bindings@1.5.0 extraneous
├── codemirror@5.65.16
├── elasticlunr@0.9.5
├── file-uri-to-path@1.0.0 extraneous
├── fuse.js@6.6.2
├── marked@4.3.0
├── moment-timezone@0.5.43
├── nan@2.28.0 extraneous
├── postcss-loader@4.3.0
├── react-dom@18.3.0
├── react-router-dom@6.16.0
├── react@18.3.0
├── style-loader@2.0.0
├── turndown-plugin-gfm@1.0.2
└── turndown@7.2.2

