@syncfusion/ej2-samples@0.0.1 /home/syncfusion/workspace/ES/ej2-samples
├── @microsoft/signalr@7.0.12
├── @syncfusion/ej2-barcode-generator@32.1.19
├── @syncfusion/ej2-base@33.1.44
├── @syncfusion/ej2-blockeditor@33.1.44
├── @syncfusion/ej2-buttons@28.1.33
├── @syncfusion/ej2-calendars@18.32.5
├── @syncfusion/ej2-charts@28.1.33
├── @syncfusion/ej2-circulargauge@16.42.4
├── @syncfusion/ej2-compression@0.17.0
├── @syncfusion/ej2-data@0.16.4
├── @syncfusion/ej2-diagrams@32.1.19
├── @syncfusion/ej2-dropdowns@18.66.23
├── @syncfusion/ej2-excel-export@17.3.12
├── @syncfusion/ej2-file-utils@31.2.12
├── @syncfusion/ej2-filemanager@18.28.1
├── @syncfusion/ej2-gantt@34.1.1
├── @syncfusion/ej2-grids@34.1.1
├── @syncfusion/ej2-heatmap@18.14.11
├── @syncfusion/ej2-inputs@18.78.15
├── @syncfusion/ej2-kanban@30.1.37
├── @syncfusion/ej2-lineargauge@16.41.0
├── @syncfusion/ej2-lists@18.23.1
├── @syncfusion/ej2-maps@34.1.1
├── @syncfusion/ej2-markdown-converter@30.1.37
├── @syncfusion/ej2-navigations@22.42.3
├── @syncfusion/ej2-pdf-export@34.1.1
├── @syncfusion/ej2-popups@21.6.12
├── @syncfusion/ej2-progressbar@28.1.33
├── @syncfusion/ej2-richtexteditor@33.1.44
├── @syncfusion/ej2-sample-helper-test@16.6.1
├── @syncfusion/ej2-schedule@22.9.0
├── @syncfusion/ej2-splitbuttons@28.1.33
├── @syncfusion/ej2-treegrid@20.12.1
├── @syncfusion/ej2-treemap@16.31.24
├── @syncfusion/ej2@31.3625.0
├── @types/chai@4.3.8
├── @types/codemirror@5.60.10
├── @types/crossroads@0.0.31
├── @types/es6-promise@0.0.33
├── @types/hasher@0.0.33
├── @types/jasmine-ajax@3.3.3
├── @types/jasmine@5.1.0
├── @types/marked@5.0.1
├── @types/moment-timezone@0.5.13
├── @types/node@20.8.5
├── @types/requirejs@2.1.35
├── @types/signals@1.0.2
├── @types/turndown@5.0.6
├── bindings@1.5.0 extraneous
├── codemirror@5.65.15
├── crossroads@0.12.2
├── file-uri-to-path@1.0.0 extraneous
├── form-data@4.0.6
├── fuse.js@6.6.2
├── hasher@1.2.0
├── marked@5.1.2
├── moment-timezone@0.5.43
├── nan@2.28.0 extraneous
├── turndown-plugin-gfm@1.0.2
└── turndown@7.2.4

